10 a = 5
20 _t1 = a + 3
30 b = _t1
40 _t2 = b * 2
50 c = _t2
60 PRINT c
70 HALT